I'm sorry, but errors were detected in your script. Please correct the
errors listed below, and try again.


File "game/script.rpy", line 89: expected an indented block
        def run(self):
         ^
    

Ren'Py Version: Ren'Py 8.0.2.22081402
Sun Aug 21 11:09:21 2022
